,personId,personName,ppg
95,1628374,Lauri Markkanen,24.537190082644628
